   1              	# file: lab03p3b.s
   2              	
   3              	.include "macros.inc"
   1              	# file: macros.inc
   2              	
  34              	  .list
   4              	
   5              	  SET_TARGET
   6              	
   7              	  FUNCTION main,global
   8              	
   9 0000 F0B5     	    push {r4,r5,r6,r7,lr}
  10              	
  11 0002 4FF00704 	    mov  r4,#7
  12 0006 4FF00D05 	    mov  r5,#13
  13 000a 661B     	    subs r6,r4,r5
  14              	
  15              	    all_done:
  16              	    
  17 000c BDE8F040 	    pop {r4,r5,r6,r7,lr}
  18              	
  19 0010 7047     	    bx lr
  20              	  
  21              	  ENDFUNC main
  22              	
  23 0012 00BF     	  .end
DEFINED SYMBOLS
                            *ABS*:00000001 ctxm4
      src/lab03p3b.s:7      .text:00000000 main
      src/lab03p3b.s:7      .text:00000000 $t
      src/lab03p3b.s:15     .text:0000000c all_done
                   .debug_aranges:0000000c $d

NO UNDEFINED SYMBOLS
